../Core/Src/main.c:75:5:__io_putchar	16	static
../Core/Src/main.c:80:6:vProducerTask	24	static
../Core/Src/main.c:99:6:vConsumerTask	24	static
../Core/Src/main.c:122:5:main	16	static
../Core/Src/main.c:207:6:SystemClock_Config	88	static
../Core/Src/main.c:255:13:MX_USART2_UART_Init	8	static
../Core/Src/main.c:288:13:MX_GPIO_Init	48	static
../Core/Src/main.c:333:6:StartDefaultTask	16	static
../Core/Src/main.c:352:6:HAL_TIM_PeriodElapsedCallback	16	static
../Core/Src/main.c:370:6:Error_Handler	4	static,ignoring_inline_asm
